I'm sorry, but errors were detected in your script. Please correct the
errors listed below, and try again.


File "game/script.rpy", line 60: ATL statement contains two expressions in a row; is one of them a misspelled property? If not, separate them with pass.
    height "containe"
                     ^

Ren'Py Version: Ren'Py 8.2.1.24030407
Sun Jul 28 17:36:19 2024
